
> react-kavia@0.1.0 start
> cross-env EDIT_MODE=true webpack serve --config .ve/webpack.config.js --mode development

<i> [webpack-dev-server] Project is running at:
<i> [webpack-dev-server] Loopback: http://localhost:3000/, http://[::1]:3000/
<i> [webpack-dev-server] On Your Network (IPv4): http://172.17.0.2:3000/
<i> [webpack-dev-server] Content not from webpack is served from './public' directory
Injecting EditorRootWrapper import: ../.ve/EditorRootWrapper
asset bundle.js 1.45 MiB [emitted] (name: main)
asset index.html 1.98 KiB [emitted]
runtime modules 27.5 KiB 14 modules
modules by path ./node_modules/ 1.24 MiB 31 modules
modules by path ./src/ 57.7 KiB
  modules by path ./src/*.js 49.8 KiB 7 modules
  modules by path ./src/*.css 7.89 KiB
    ./src/index.css 2.23 KiB [built] [code generated]
    + 3 modules
modules by path ./.ve/ 15.1 KiB
  modules by path ./.ve/*.js 10.6 KiB 2 modules
  modules by path ./.ve/*.css 2.93 KiB
    ./.ve/EditorOverlay.css 2.25 KiB [built] [code generated]
    ./node_modules/css-loader/dist/cjs.js!./.ve/EditorOverlay.css 697 bytes [built] [code generated]
  ./.ve/EditorOverlay.jsx 1.58 KiB [built] [code generated]
webpack 5.99.9 compiled successfully in 1605 ms
assets by status 1.98 KiB [cached] 1 asset
assets by path *.js 1.46 MiB
  asset bundle.js 1.45 MiB [emitted] (name: main)
  asset main.9f912c4ecef623e4d7cd.hot-update.js 10.6 KiB [emitted] [immutable] [hmr] (name: main)
asset main.9f912c4ecef623e4d7cd.hot-update.json 28 bytes [emitted] [immutable] [hmr]
Entrypoint main 1.46 MiB = bundle.js 1.45 MiB main.9f912c4ecef623e4d7cd.hot-update.js 10.6 KiB
cached modules 1.3 MiB [cached] 46 modules
runtime modules 27.5 KiB 14 modules
./src/HouseholdCard.js 7.55 KiB [built] [code generated]
webpack 5.99.9 compiled successfully in 101 ms
assets by status 1.98 KiB [cached] 1 asset
assets by path *.js 1.47 MiB
  asset bundle.js 1.46 MiB [emitted] (name: main)
  asset main.57a8ca1e786460dfd455.hot-update.js 12.2 KiB [emitted] [immutable] [hmr] (name: main)
asset main.57a8ca1e786460dfd455.hot-update.json 28 bytes [emitted] [immutable] [hmr]
Entrypoint main 1.47 MiB = bundle.js 1.46 MiB main.57a8ca1e786460dfd455.hot-update.js 12.2 KiB
cached modules 1.3 MiB [cached] 46 modules
runtime modules 27.5 KiB 14 modules
./src/HouseholdCard.js 8.87 KiB [built] [code generated]
webpack 5.99.9 compiled successfully in 87 ms
